[lobstr.co/index.html]
[backblue.gif]
[fade.gif]
[index.html]
[static.lobstr.co/static/lobstr/images/LOBSTR_og.png]
[static.lobstr.co/static/lobstr/images/favicon-r.png]
[static.lobstr.co/static/cache/css/output.8ab2ccd1139c.css]
[cdnjs.cloudflare.com/ajax/libs/OwlCarousel2/2.3.4/assets/owl.theme.default.min.css]
[cdnjs.cloudflare.com/ajax/libs/OwlCarousel2/2.3.4/assets/owl.carousel.min.css]
[cdnjs.cloudflare.com/ajax/libs/magnific-popup.js/1.1.0/magnific-popup.min.css]
[static.lobstr.co/static/landing/images/iPhone_X_Mockup@2x.png]
[lobstr.co/trade.html]
[static.lobstr.co/static/landing/images/iphone_x_main_v2.jpg]
[static.lobstr.co/static/landing/images/bitmap@2x.jpg]
[lobstr.co/buy-xlm/index.html]
[lobstr.co/buy-btc/index.html]
[static.lobstr.co/static/landing/images/assets@2x-mob.png]
[lobstr.co/buy-ltc/index.html]
[static.lobstr.co/static/landing/images/buylumens@2x.png]
[lobstr.co/buy-crypto/index.html]
[static.lobstr.co/static/landing/images/trading@2x-mob.png]
[lobstr.co/buy-eth/index.html]
[lobstr.co/converter/index.html]
[lobstr.co/partners/index.html]
[lobstr.co/asset-listing/index.html]
[lobstr.co/promo/kenya/index.html]
[static.lobstr.co/static/landing/images/security@2x-mob.png]
[static.lobstr.co/static/landing/images/chart@2x-mob.png]
[lobstr.co/support/index.html]
[code.jquery.com/jquery-3.5.1.min.js]
[cdnjs.cloudflare.com/ajax/libs/OwlCarousel2/2.3.4/owl.carousel.min.js]
[lobstr.co/privacy/index.html]
[lobstr.co/terms/index.html]
[cdnjs.cloudflare.com/ajax/libs/headhesive/1.2.4/headhesive.min.js]
[cdnjs.cloudflare.com/ajax/libs/magnific-popup.js/1.1.0/jquery.magnific-popup.min.js]
[static.lobstr.co/static/lobstr/js/lottie-web.min.js]
[static.lobstr.co/static/landing/js/sliderInitializer.js]
[static.lobstr.co/static/landing/js/map_animation.js]
[static.lobstr.co/static/landing/js/main.js]
[static.lobstr.co/static/landing/js/stickedHeader.js]
[lobstr.co/index.html]
[static.lobstr.co/static/cache/css/output.8ab2ccd1139c.css]
[cdnjs.cloudflare.com/ajax/libs/OwlCarousel2/2.3.4/assets/owl.theme.default.min.css]
[static.lobstr.co/static/cache/js/output.0d86849d05fe.js]
[cdnjs.cloudflare.com/ajax/libs/OwlCarousel2/2.3.4/assets/owl.carousel.min.css]
[cdnjs.cloudflare.com/ajax/libs/magnific-popup.js/1.1.0/magnific-popup.min.css]
[lobstr.co/authorization/signin/index.html]
[lobstr.co/authorization/signup/index.html]
[cdnjs.cloudflare.com/ajax/libs/OwlCarousel2/2.3.4/assets/owl.video.play.png]
[static.lobstr.co/static/tz_detect/js/tzdetect_csp_compatible.min.js]
[stackpath.bootstrapcdn.com/bootstrap/4.1.1/css/bootstrap.min.css]
[cdnjs.cloudflare.com/ajax/libs/font-awesome/4.7.0/css/font-awesome.min.css]
[cdnjs.cloudflare.com/ajax/libs/intl-tel-input/15.0.1/css/intlTelInput.css]
[static.lobstr.co/static/cache/css/output.573dbc39faba.css]
[static.lobstr.co/static/lobstr/js/zendeskWidget.js]
[static.lobstr.co/media/Stellar_symbol_black_RGB_xs_square3.png]
[static.lobstr.co/media/d7c1cae0-11aa-4725-8af2-02031843e95a.png]
[cdnjs.cloudflare.com/ajax/libs/moment.js/2.20.1/moment.min.js]
[static.lobstr.co/static/lobstr/js/check-memo-length.js]
[cdnjs.cloudflare.com/ajax/libs/Chart.js/2.7.2/Chart.bundle.min.js]
[code.jquery.com/jquery-3.3.1.min.js]
[cdnjs.cloudflare.com/ajax/libs/babel-polyfill/7.10.1/polyfill.min.js]
[cdnjs.cloudflare.com/ajax/libs/popper.js/1.14.3/umd/popper.min.js]
[ajax.googleapis.com/ajax/libs/jqueryui/1.12.1/jquery-ui.min.js]
[stackpath.bootstrapcdn.com/bootstrap/4.1.1/js/bootstrap.min.js]
[cdnjs.cloudflare.com/ajax/libs/stellar-sdk/9.0.0/stellar-sdk.min.js]
[cdnjs.cloudflare.com/ajax/libs/intl-tel-input/15.0.1/js/intlTelInput-jquery.min.js]
[cdnjs.cloudflare.com/ajax/libs/intl-tel-input/15.0.1/js/utils.js]
[cdnjs.cloudflare.com/ajax/libs/jquery-validate/1.17.0/jquery.validate.min.js]
[unpkg.com/react@16.13.1/umd/react.production.min.js]
[unpkg.com/react-dom@16.13.1/umd/react-dom.production.min.js]
[unpkg.com/react-is@16.13.1/umd/react-is.production.min.js]
[unpkg.com/styled-components@5.2.0/dist/styled-components.min.js]
[static.lobstr.co/static/jsi18n/en/djangojs.js]
[static.lobstr.co/static/jsi18n/en/handlebars.js]
[static.lobstr.co/static/cache/js/output.777b725dbca2.js]
[cdnjs.cloudflare.com/ajax/libs/jquery-throttle-debounce/1.1/jquery.ba-throttle-debounce.min.js]
[static.lobstr.co/static/cache/js/output.bab2aa1d4b04.js]
[lobstr.co/trade.html]
[static.lobstr.co/static/lobstr/js/googleAnalytics.js]
[static.lobstr.co/static/cache/css/output.b40eb6e83006.css]
[static.lobstr.co/static/lobstr/moonpay_integration/images/xlm/xlm-1@2x.png]
[static.lobstr.co/static/lobstr/moonpay_integration/images/xlm/xlm-2@2x.png]
[static.lobstr.co/static/lobstr/moonpay_integration/images/xlm/xlm-3@2x.png]
[cdnjs.cloudflare.com/ajax/libs/select2/4.0.13/css/select2.min.css]
[static.lobstr.co/static/cache/js/output.61b24294bf9c.js]
[cdnjs.cloudflare.com/ajax/libs/select2/4.0.13/js/select2.min.js]
[static.lobstr.co/static/lobstr/moonpay_integration/js/filterableCurrencySelect_v1.1.js]
[cdnjs.cloudflare.com/ajax/libs/jquery-validate/1.19.1/additional-methods.min.js]
[static.lobstr.co/static/lobstr/moonpay_integration/js/public_buy_v1.3.js]
[static.lobstr.co/static/lobstr/moonpay_integration/js/separate_crypto_page_v1.1.js]
[static.lobstr.co/static/lobstr/moonpay_integration/images/xlm/image-cards@2x.png]
[static.lobstr.co/static/lobstr/moonpay_integration/images/xlm/coins@2x.png]
[lobstr.co/cdn-cgi/l/email-protection.html]
[lobstr.co/cdn-cgi/scripts/5c5dd728/cloudflare-static/email-decode.min.js]
[static.lobstr.co/static/cache/js/output.ce529830a3e6.js]
[lobstr.co/buy-xlm/index.html]
[static.lobstr.co/static/cache/js/output.b9aa11af1c78.js]
[static.lobstr.co/static/lobstr/moonpay_integration/images/btc/btc-1@2x.png]
[static.lobstr.co/static/lobstr/moonpay_integration/images/btc/btc-2@2x.png]
[static.lobstr.co/static/lobstr/moonpay_integration/images/btc/btc-3@2x.png]
[static.lobstr.co/static/lobstr/moonpay_integration/images/btc/image-cards@2x.png]
[static.lobstr.co/static/lobstr/moonpay_integration/images/btc/coins@2x.png]
[lobstr.co/buy-btc/index.html]
[static.lobstr.co/static/lobstr/moonpay_integration/images/eth/eth-1@2x.png]
[static.lobstr.co/static/lobstr/moonpay_integration/images/eth/eth-2@2x.png]
[static.lobstr.co/static/lobstr/moonpay_integration/images/eth/eth-3@2x.png]
[static.lobstr.co/static/lobstr/moonpay_integration/images/eth/image-cards@2x.png]
[static.lobstr.co/static/lobstr/moonpay_integration/images/eth/coins@2x.png]
[lobstr.co/buy-eth/index.html]
[static.lobstr.co/static/lobstr/moonpay_integration/images/ltc/ltc-1@2x.png]
[static.lobstr.co/static/lobstr/moonpay_integration/images/ltc/ltc-2@2x.png]
[static.lobstr.co/static/lobstr/moonpay_integration/images/ltc/ltc-3@2x.png]
[static.lobstr.co/static/lobstr/moonpay_integration/images/ltc/image-cards@2x.png]
[static.lobstr.co/static/lobstr/moonpay_integration/images/ltc/coins@2x.png]
[lobstr.co/buy-ltc/index.html]
[static.lobstr.co/static/cache/css/output.f61636b72602.css]
[static.lobstr.co/static/lobstr/moonpay_integration/images/blurcoin-3@2x.png]
[static.lobstr.co/static/lobstr/moonpay_integration/images/blurcoin-2@2x.png]
[static.lobstr.co/static/lobstr/moonpay_integration/images/blurcoin-1@2x.png]
[lobstr.co/buy-crypto/index.html]
[lobstr.co/stellarterm/index.html]
[lobstr.co/stellarx/index.html]
[lobstr.co/vault/index.html]
[lobstr.co/usdcswap/index.html]
[lobstr.co/merge-tool/index.html]
[static.lobstr.co/static/cache/css/output.d069374f3211.css]
[lobstr.co/converter/index.html]
[static.lobstr.co/static/cache/js/output.7b36341ceabe.js]
[static.lobstr.co/static/cache/css/output.7fad733b267d.css]
[www.google.com/recaptcha/apibfd6.js]
[static.lobstr.co/static/lobstr/new-design/js/invisible_recaptcha.js]
[lobstr.co/partners/index.html]
[static.lobstr.co/static/cache/js/output.a4b50cdd9578.js]
[static.lobstr.co/static/cache/css/output.80bae60eae29.css]
[static.lobstr.co/static/lobstr/support/css/assets_listing_header.css]
[static.lobstr.co/static/cache/js/output.853839473386.js]
[www.google.com/recaptcha/api.js]
[lobstr.co/asset-listing/index.html]
[static.lobstr.co/static/cache/css/output.2095b36aa642.css]
[static.lobstr.co/static/lobstr/reward/images/crypto-1@2x.png]
[static.lobstr.co/static/lobstr/reward/images/crypto-2@2x.png]
[static.lobstr.co/static/lobstr/reward/images/crypto-3@2x.png]
[static.lobstr.co/static/lobstr/reward/images/crypto-4@2x.png]
[static.lobstr.co/static/lobstr/reward/images/ill-support-copy@2x.png]
[static.lobstr.co/static/lobstr/reward/images/group-26@2x.png]
[lobstr.co/assets/KES_GA2MSSZKJOU6RNL3EJKH3S5TB5CDYTFQFWRYFGUJVIN5I6AOIRTLUHTO.html]
[static.lobstr.co/static/lobstr/reward/images/phones@2x.png]
[lobstr.co/promo/kenya/index.html]
[lobstr.co/help-center/index.html]
[static.lobstr.co/static/cache/js/output.152ee8bc17d1.js]
[lobstr.co/support/index.html]
[lobstr.co/twitter/index.html]
[lobstr.co/medium/index.html]
[lobstr.co/github/index.html]
[lobstr.co/ultrastellar/index.html]
[static.lobstr.co/static/lobstr/support/helpCenterSearch.js]
[lobstr.co/terms/index.html]
[lobstr.co/privacy/index.html]
[static.lobstr.co/static/cache/css/output.4ea686b32d0a.css]
[ajax.googleapis.com/ajax/libs/jqueryui/1/themes/flick/images/animated-overlay.gif]
[ajax.googleapis.com/ajax/libs/jqueryui/1/themes/flick/images/ui-bg_flat_75_ffffff_40x100.png]
[ajax.googleapis.com/ajax/libs/jqueryui/1/themes/flick/images/ui-bg_highlight-soft_50_dddddd_1x100.png]
[ajax.googleapis.com/ajax/libs/jqueryui/1/themes/flick/images/ui-bg_highlight-soft_100_f6f6f6_1x100.png]
[ajax.googleapis.com/ajax/libs/jqueryui/1/themes/flick/images/ui-bg_highlight-soft_25_0073ea_1x100.png]
[ajax.googleapis.com/ajax/libs/jqueryui/1/themes/flick/images/ui-bg_glass_65_ffffff_1x400.png]
[ajax.googleapis.com/ajax/libs/jqueryui/1/themes/flick/images/ui-bg_flat_55_ffffff_40x100.png]
[ajax.googleapis.com/ajax/libs/jqueryui/1/themes/flick/images/ui-icons_ff0084_256x240.png]
[ajax.googleapis.com/ajax/libs/jqueryui/1/themes/flick/images/ui-icons_0073ea_256x240.png]
[ajax.googleapis.com/ajax/libs/jqueryui/1/themes/flick/images/ui-icons_666666_256x240.png]
[ajax.googleapis.com/ajax/libs/jqueryui/1/themes/flick/images/ui-icons_ffffff_256x240.png]
[ajax.googleapis.com/ajax/libs/jqueryui/1/themes/flick/images/ui-icons_454545_256x240.png]
[ajax.googleapis.com/ajax/libs/jqueryui/1/themes/flick/images/ui-bg_flat_0_eeeeee_40x100.png]
[ajax.googleapis.com/ajax/libs/jqueryui/1/themes/flick/images/ui-bg_flat_0_aaaaaa_40x100.png]
[ajax.googleapis.com/ajax/libs/jqueryui/1/themes/flick/jquery-ui.css]
[stackpath.bootstrapcdn.com/bootstrap/4.1.1/css/bootstrap.min.css]
[cdnjs.cloudflare.com/ajax/libs/font-awesome/4.7.0/css/font-awesome.min.css]
[cdnjs.cloudflare.com/ajax/libs/intl-tel-input/15.0.1/img/flags.png]
[cdnjs.cloudflare.com/ajax/libs/intl-tel-input/15.0.1/css/intlTelInput.css]
[static.lobstr.co/static/cache/css/output.573dbc39faba.css]
[lobstr.co/home/index.html]
[lobstr.co/buy/index.html]
[lobstr.co/settings/index.html]
[static.lobstr.co/static/cache/css/output.b40eb6e83006.css]
[cdnjs.cloudflare.com/ajax/libs/select2/4.0.13/css/select2.min.css]
[lobstr.co/cdn-cgi/l/email-protection.html]
[static.lobstr.co/static/cache/css/output.f61636b72602.css]
[static.lobstr.co/static/cache/css/output.d069374f3211.css]
[static.lobstr.co/static/cache/css/output.7fad733b267d.css]
[static.lobstr.co/static/cache/css/output.80bae60eae29.css]
[static.lobstr.co/static/lobstr/support/css/assets_listing_header.css]
[static.lobstr.co/static/cache/css/output.2095b36aa642.css]
[cdnjs.cloudflare.com/ajax/libs/intl-tel-input/15.0.1/img/flags@2x.png]
[static.lobstr.co/static/cache/css/output.355bc20693ef.css]
[static.lobstr.co/media/2bb9d60a-176d-4f1e-8e95-541c985ebd83.png]
[id.lobstr.co/GA2MSSZKJOU6RNL3EJKH3S5TB5CDYTFQFWRYFGUJVIN5I6AOIRTLUHTO.png]
[cdnjs.cloudflare.com/ajax/libs/qrcodejs/1.0.0/qrcode.min.js]
[lobstr.co/assets/KES_GA2MSSZKJOU6RNL3EJKH3S5TB5CDYTFQFWRYFGUJVIN5I6AOIRTLUHTO.html]
[static.lobstr.co/static/cache/css/output.4ea686b32d0a.css]
[lobstr.co/authorization/signin/indexf1f5.html]
[lobstr.co/authorization/signin/index244f.html]
[lobstr.co/authorization/signin/index832a.html]
[static.lobstr.co/static/cache/css/output.355bc20693ef.css]
[static.lobstr.co/static/cache/js/output.127674b71e8c.js]
